鏁版嵁鏍囧噯鍖栫郴缁?- 娴嬭瘯妯″紡
------------------------------------------------------------

銆愭垚鍒嗚В鏋愭祴璇曘€?

杈撳叆: AlCoCrFeNi
瑙ｆ瀽: {'Al': 0.2, 'Co': 0.2, 'Cr': 0.2, 'Fe': 0.2, 'Ni': 0.2}
鏍囧噯鏍煎紡: Al0.2Co0.2Cr0.2Fe0.2Ni0.2
楠岃瘉: 鉁?鏈夋晥

杈撳叆: Al10Co20Cr30Fe20Ni20
瑙ｆ瀽: {'Al': 0.1, 'Co': 0.2, 'Cr': 0.3, 'Fe': 0.2, 'Ni': 0.2}
鏍囧噯鏍煎紡: Al0.1Co0.2Cr0.3Fe0.2Ni0.2
楠岃瘉: 鉁?鏈夋晥

杈撳叆: Al1.5Co2.0Ni1.0
瑙ｆ瀽: {'Al': 0.3333333333333333, 'Co': 0.4444444444444444, 'Ni': 0.2222222222222222}
鏍囧噯鏍煎紡: Al0.33Co0.44Ni0.22
楠岃瘉: 鉁?鏈夋晥

杈撳叆: Al:10 Co:20 Cr:30 Fe:20 Ni:20
瑙ｆ瀽: {'Al': 0.2, 'Co': 0.2, 'Cr': 0.2, 'Fe': 0.2, 'Ni': 0.2}
鏍囧噯鏍煎紡: Al0.2Co0.2Cr0.2Fe0.2Ni0.2
楠岃瘉: 鉁?鏈夋晥

杈撳叆: Al 20% Co 20% Cr 20% Fe 20% Ni 20%
瑙ｆ瀽: {'Al': 0.2, 'Co': 0.2, 'Cr': 0.2, 'Fe': 0.2, 'Ni': 0.2}
鏍囧噯鏍煎紡: Al0.2Co0.2Cr0.2Fe0.2Ni0.2
楠岃瘉: 鉁?鏈夋晥

============================================================
銆怐ataFrame鏍囧噯鍖栨祴璇曘€?

鍘熷DataFrame:
  Binder_Comp  Temperature  Hardness_HV  Co%  Grain_Size_um
0  AlCoCrFeNi         1400         1500   20            1.0
1      CoCrNi         1450         1600   30            1.5
============================================================
寮€濮嬫暟鎹爣鍑嗗寲娴佺▼...
============================================================
鉁?鏍囧噯鍖栦簡 5 涓垪鍚?
   Binder_Comp 鈫?binder_composition
   Temperature 鈫?sinter_temp
   Hardness_HV 鈫?hardness
   Co% 鈫?co_content
   Grain_Size_um 鈫?grain_size
鉁?鏍囧噯鍖栦簡 5 涓垪鍚?
   binder_composition 鈫?binder_composition
   sinter_temp 鈫?sinter_temp
   hardness 鈫?hardness
   co_content 鈫?co_content
   grain_size 鈫?grain_size
============================================================
鉁?鏁版嵁鏍囧噯鍖栧畬鎴愶紒鏈€缁堝舰鐘? (2, 5)
============================================================

鏍囧噯鍖栧悗鐨凞ataFrame:
  binder_composition  sinter_temp  hardness  co_content  grain_size
0         AlCoCrFeNi         1400      1500          20         1.0
1             CoCrNi         1450      1600          30         1.5

鍒楀悕: ['binder_composition', 'sinter_temp', 'hardness', 'co_content', 'grain_size']
